// Jest Snapshot v1, https://goo.gl/fbAQLP

exports[`ConfirmDelete renders 1`] = `
<ModalDialog
  bsClass="modal"
  className="in"
  onClick={[Function]}
  role="document"
  style={Object {}}
  tabIndex="-1"
>
  <div
    className="in modal"
    onClick={[Function]}
    role="dialog"
    style={
      Object {
        "display": "block",
      }
    }
    tabIndex="-1"
  >
    <div
      className="modal-dialog"
    >
      <div
        className="modal-content"
        role="document"
      >
        <div
          className="modal-body"
        >
          <Alert
            alignTop={false}
            iconSize="24px"
            type="error"
          >
            <AlertWrapper
              alignTop={false}
              className="ref-error"
              type="error"
            >
              <div
<<<<<<< HEAD
                className="ref-error css-1wei48e-AlertWrapper-alertStyles e1xb5l7j1"
=======
                className="ref-error css-2p634r-AlertWrapper ec2ue531"
>>>>>>> build(travis): yarn --pnp [WIP]
                type="error"
              >
                <StyledTextBlock>
                  <Component
                    className="css-1h3n7tg-TextBlock-StyledTextBlock ec2ue532"
                  >
                    <div
                      className="css-1h3n7tg-TextBlock-StyledTextBlock ec2ue532"
                    >
                      Are you sure?
                    </div>
                  </Component>
                </StyledTextBlock>
              </div>
            </AlertWrapper>
          </Alert>
          <Field
            alignRight={false}
            disabled={false}
            flexibleControlStateSize={true}
            inline={false}
            label={
              <div>
                Please enter 
                <code>
                  CoolOrg
                </code>
                 to confirm the deletion
              </div>
            }
            p={0}
            required={false}
            visible={true}
          >
            <FieldWrapper
              hasControlState={false}
              inline={false}
            >
              <Component
<<<<<<< HEAD
                className="css-1iv7wxj-FieldWrapper-getPadding-borderStyle-inlineStyle etqqcs20"
              >
                <Flex
                  className="css-1iv7wxj-FieldWrapper-getPadding-borderStyle-inlineStyle etqqcs20"
                >
                  <Base
                    className="etqqcs20 css-k3lnij-FieldWrapper-getPadding-borderStyle-inlineStyle"
                  >
                    <div
                      className="etqqcs20 css-k3lnij-FieldWrapper-getPadding-borderStyle-inlineStyle"
=======
                className="css-11ihpht-FieldWrapper-getPadding-borderStyle-inlineStyle eor2x1f0"
              >
                <Flex
                  className="css-11ihpht-FieldWrapper-getPadding-borderStyle-inlineStyle eor2x1f0"
                >
                  <Base
                    className="eor2x1f0 css-1uohzo7-FieldWrapper-getPadding-borderStyle-inlineStyle"
                  >
                    <div
                      className="eor2x1f0 css-1uohzo7-FieldWrapper-getPadding-borderStyle-inlineStyle"
>>>>>>> build(travis): yarn --pnp [WIP]
                      is={null}
                    >
                      <FieldDescription
                        inline={false}
                      >
                        <Component
                          className="css-jq43rd-FieldDescription-inlineStyle e1u3y7hh0"
                          inline={false}
                        >
                          <label
                            className="css-jq43rd-FieldDescription-inlineStyle e1u3y7hh0"
                          >
                            <FieldLabel
                              disabled={false}
                            >
                              <div
                                className="css-qzvhly-FieldLabel e64kz9v0"
                              >
                                <div>
                                  Please enter 
                                  <code>
                                    CoolOrg
                                  </code>
                                   to confirm the deletion
                                </div>
                                 
                              </div>
                            </FieldLabel>
                          </label>
                        </Component>
                      </FieldDescription>
                      <FieldControl
                        alignRight={false}
                        disabled={false}
                        flexibleControlStateSize={true}
                        inline={false}
                      >
                        <FieldControlErrorWrapper
                          inline={false}
                        >
                          <Component
                            className="css-1ge7tqf-FieldControlErrorWrapper e11oxwlm0"
                            inline={false}
                          >
                            <Box
                              className="css-1ge7tqf-FieldControlErrorWrapper e11oxwlm0"
                            >
                              <Base
                                className="e11oxwlm0 css-nnn2ut-FieldControlErrorWrapper"
                              >
                                <div
                                  className="e11oxwlm0 css-nnn2ut-FieldControlErrorWrapper"
                                  is={null}
                                >
                                  <FieldControlWrapper>
                                    <Component
                                      className="css-1ke1xob-FieldControlWrapper e11oxwlm2"
                                    >
                                      <Flex
                                        className="css-1ke1xob-FieldControlWrapper e11oxwlm2"
                                      >
                                        <Base
                                          className="e11oxwlm2 css-w4o1g8-FieldControlWrapper"
                                        >
                                          <div
                                            className="e11oxwlm2 css-w4o1g8-FieldControlWrapper"
                                            is={null}
                                          >
                                            <FieldControlStyled
                                              alignRight={false}
                                            >
                                              <Component
                                                alignRight={false}
                                                className="css-1pkvhmy-FieldControlStyled e11oxwlm1"
                                              >
                                                <Box
                                                  className="css-1pkvhmy-FieldControlStyled e11oxwlm1"
                                                >
                                                  <Base
                                                    className="e11oxwlm1 css-wkkbba-FieldControlStyled"
                                                  >
                                                    <div
                                                      className="e11oxwlm1 css-wkkbba-FieldControlStyled"
                                                      is={null}
                                                    >
                                                      <Input
                                                        onChange={[Function]}
                                                        placeholder="CoolOrg"
                                                        type="text"
                                                        value=""
                                                      >
                                                        <input
<<<<<<< HEAD
                                                          className="css-13yodx8-Input-inputStyles e1xej46s0"
=======
                                                          className="css-pzg7em-Input-inputStyles e1ebb8kf0"
>>>>>>> build(travis): yarn --pnp [WIP]
                                                          onChange={[Function]}
                                                          placeholder="CoolOrg"
                                                          type="text"
                                                          value=""
                                                        />
                                                      </Input>
                                                    </div>
                                                  </Base>
                                                </Box>
                                              </Component>
                                            </FieldControlStyled>
                                            <FieldControlState
                                              flexibleControlStateSize={true}
                                            >
                                              <Component
                                                className="css-1x60lk6-FieldControlState eydu7x30"
                                                flexibleControlStateSize={true}
                                              >
                                                <Flex
                                                  className="css-1x60lk6-FieldControlState eydu7x30"
                                                >
                                                  <Base
                                                    className="eydu7x30 css-dgyrfj-FieldControlState"
                                                  >
                                                    <div
                                                      className="eydu7x30 css-dgyrfj-FieldControlState"
                                                      is={null}
                                                    />
                                                  </Base>
                                                </Flex>
                                              </Component>
                                            </FieldControlState>
                                          </div>
                                        </Base>
                                      </Flex>
                                    </Component>
                                  </FieldControlWrapper>
                                </div>
                              </Base>
                            </Box>
                          </Component>
                        </FieldControlErrorWrapper>
                      </FieldControl>
                    </div>
                  </Base>
                </Flex>
              </Component>
            </FieldWrapper>
          </Field>
        </div>
        <div
          className="modal-footer"
        >
          <Button
            align="center"
            disabled={false}
            onClick={[Function]}
            style={
              Object {
                "marginRight": 10,
              }
            }
          >
            <StyledButton
              aria-disabled={false}
              aria-label="Cancel"
              disabled={false}
              onClick={[Function]}
              role="button"
              style={
                Object {
                  "marginRight": 10,
                }
              }
            >
              <ForwardRef
                aria-disabled={false}
                aria-label="Cancel"
<<<<<<< HEAD
                className="css-1i9cddn-StyledButton-getColors e12ma6z0"
                disabled={false}
=======
                className="css-cmo08-StyledButton-getColors e7bsqvz0"
>>>>>>> build(travis): yarn --pnp [WIP]
                onClick={[Function]}
                role="button"
                style={
                  Object {
                    "marginRight": 10,
                  }
                }
              >
                <button
                  aria-disabled={false}
                  aria-label="Cancel"
<<<<<<< HEAD
                  className="css-1i9cddn-StyledButton-getColors e12ma6z0"
=======
                  className="css-cmo08-StyledButton-getColors e7bsqvz0"
>>>>>>> build(travis): yarn --pnp [WIP]
                  onClick={[Function]}
                  role="button"
                  style={
                    Object {
                      "marginRight": 10,
                    }
                  }
                >
                  <ButtonLabel
                    align="center"
                  >
                    <Component
<<<<<<< HEAD
                      align="center"
                      className="css-oo1m2a-ButtonLabel e12ma6z1"
                    >
                      <span
                        className="css-oo1m2a-ButtonLabel e12ma6z1"
=======
                      className="css-ga4b18-ButtonLabel e7bsqvz1"
                    >
                      <span
                        className="css-ga4b18-ButtonLabel e7bsqvz1"
>>>>>>> build(travis): yarn --pnp [WIP]
                      >
                        Cancel
                      </span>
                    </Component>
                  </ButtonLabel>
                </button>
              </ForwardRef>
            </StyledButton>
          </Button>
          <Button
            align="center"
            autoFocus={true}
            data-test-id="confirm-modal"
            disabled={true}
            onClick={[Function]}
            priority="primary"
          >
            <StyledButton
              aria-disabled={true}
              aria-label="Confirm"
              autoFocus={true}
              data-test-id="confirm-modal"
              disabled={true}
              href={null}
              onClick={[Function]}
              priority="primary"
              role="button"
              to={null}
            >
              <ForwardRef
                aria-disabled={true}
                aria-label="Confirm"
                autoFocus={true}
<<<<<<< HEAD
                className="css-1y2tnyd-StyledButton-getColors e12ma6z0"
=======
                className="css-bo8dlg-StyledButton-getColors e7bsqvz0"
>>>>>>> build(travis): yarn --pnp [WIP]
                data-test-id="confirm-modal"
                disabled={true}
                href={null}
                onClick={[Function]}
                priority="primary"
                role="button"
                to={null}
              >
                <button
                  aria-disabled={true}
                  aria-label="Confirm"
                  autoFocus={true}
<<<<<<< HEAD
                  className="css-1y2tnyd-StyledButton-getColors e12ma6z0"
=======
                  className="css-bo8dlg-StyledButton-getColors e7bsqvz0"
>>>>>>> build(travis): yarn --pnp [WIP]
                  data-test-id="confirm-modal"
                  href={null}
                  onClick={[Function]}
                  role="button"
                  to={null}
                >
                  <ButtonLabel
                    align="center"
                    priority="primary"
                  >
                    <Component
<<<<<<< HEAD
                      align="center"
                      className="css-oo1m2a-ButtonLabel e12ma6z1"
                      priority="primary"
                    >
                      <span
                        className="css-oo1m2a-ButtonLabel e12ma6z1"
=======
                      className="css-ga4b18-ButtonLabel e7bsqvz1"
                      priority="primary"
                    >
                      <span
                        className="css-ga4b18-ButtonLabel e7bsqvz1"
>>>>>>> build(travis): yarn --pnp [WIP]
                      >
                        Confirm
                      </span>
                    </Component>
                  </ButtonLabel>
                </button>
              </ForwardRef>
            </StyledButton>
          </Button>
        </div>
      </div>
    </div>
  </div>
</ModalDialog>
`;
