// Jest Snapshot v1, https://goo.gl/fbAQLP

exports[`SimilarSpectrum renders 1`] = `
<SimilarSpectrum
  className="css-1e5lply-StyledSimilarSpectrum epwe1a30"
/>
`;
