// Jest Snapshot v1, https://goo.gl/fbAQLP

exports[`Toolbar renders 1`] = `
<div
  className="css-uvb3r7-Toolbar e1rxv1nx0"
>
  <div />
</div>
`;
