// Jest Snapshot v1, https://goo.gl/fbAQLP

exports[`ProjectPluginRow renders 1`] = `
<ProjectPluginRow
  assets={Array []}
  author={
    Object {
      "name": "Sentry Team",
      "url": "https://github.com/getsentry/sentry",
    }
  }
  canDisable={true}
  enabled={false}
  hasConfiguration={true}
  id="amazon-sqs"
  isHidden={false}
  name="Amazon SQS"
  orgId="org-slug"
  projectId="project-slug"
  slug="amazon-sqs"
  version="8.23.0.dev0"
>
  <withConfig(AccessContainer)
    access={
      Array [
        "project:write",
      ]
    }
  >
    <AccessContainer
      access={
        Array [
          "project:write",
        ]
      }
      config={
        Object {
          "features": Set {},
          "messages": Array [],
          "user": Object {
            "email": "foo@example.com",
            "flags": Object {
              "newsletter_consent_prompt": false,
            },
            "hasPasswordAuth": true,
            "id": "1",
            "isAuthenticated": true,
            "name": "Foo Bar",
            "options": Object {
              "timezone": "UTC",
            },
            "permissions": Set {},
            "username": "foo@example.com",
          },
        }
      }
    >
      <Access
        access={
          Array [
            "project:write",
          ]
        }
        config={
          Object {
            "features": Set {},
            "messages": Array [],
            "user": Object {
              "email": "foo@example.com",
              "flags": Object {
                "newsletter_consent_prompt": false,
              },
              "hasPasswordAuth": true,
              "id": "1",
              "isAuthenticated": true,
              "name": "Foo Bar",
              "options": Object {
                "timezone": "UTC",
              },
              "permissions": Set {},
              "username": "foo@example.com",
            },
          }
        }
        configUser={
          Object {
            "email": "foo@example.com",
            "flags": Object {
              "newsletter_consent_prompt": false,
            },
            "hasPasswordAuth": true,
            "id": "1",
            "isAuthenticated": true,
            "name": "Foo Bar",
            "options": Object {
              "timezone": "UTC",
            },
            "permissions": Set {},
            "username": "foo@example.com",
          }
        }
        organization={
          Object {
            "access": Array [
              "project:write",
            ],
            "features": Array [],
            "id": "3",
            "name": "Organization Name",
            "onboardingTasks": Array [],
            "projects": Array [],
            "scrapeJavaScript": true,
            "slug": "org-slug",
            "status": Object {
              "id": "active",
              "name": "active",
            },
            "teams": Array [],
          }
        }
        renderNoAccessMessage={false}
        requireAll={true}
      >
        <Flex
          align="center"
          className="amazon-sqs"
          flex="1"
          key="amazon-sqs"
        >
          <Base
            align="center"
            className="amazon-sqs css-1yrw3fm"
            flex="1"
          >
            <div
              className="amazon-sqs css-1yrw3fm"
              is={null}
            >
              <PluginInfo>
                <div
<<<<<<< HEAD
                  className="css-sm2hu2-PluginInfo e1y7j6vq0"
=======
                  className="css-sm2hu2-PluginInfo ensvjrv0"
>>>>>>> build(travis): yarn --pnp [WIP]
                >
                  <StyledPluginIcon
                    pluginId="amazon-sqs"
                    size={48}
                  >
                    <PluginIcon
<<<<<<< HEAD
                      className="css-228l0j-StyledPluginIcon e1y7j6vq2"
=======
                      className="css-228l0j-StyledPluginIcon ensvjrv2"
>>>>>>> build(travis): yarn --pnp [WIP]
                      pluginId="amazon-sqs"
                      size={48}
                    >
                      <IntegrationIcon
<<<<<<< HEAD
                        className="css-228l0j-StyledPluginIcon e1y7j6vq2"
=======
                        className="css-228l0j-StyledPluginIcon ensvjrv2"
>>>>>>> build(travis): yarn --pnp [WIP]
                        image={Object {}}
                        size={48}
                      >
                        <div
<<<<<<< HEAD
                          className="e1y7j6vq2 css-vzj3gb-IntegrationIcon-StyledPluginIcon e1bhjds90"
=======
                          className="ensvjrv2 css-lxugym-IntegrationIcon-StyledPluginIcon e1ehkbfw0"
>>>>>>> build(travis): yarn --pnp [WIP]
                          size={48}
                        />
                      </IntegrationIcon>
                    </PluginIcon>
                  </StyledPluginIcon>
                  <Flex
                    direction="column"
                    justify="center"
                  >
                    <Base
                      className="css-11zjqd3"
                      direction="column"
                      justify="center"
                    >
                      <div
                        className="css-11zjqd3"
                        is={null}
                      >
                        <PluginName>
                          <div
<<<<<<< HEAD
                            className="css-36lssg-PluginName e1y7j6vq1"
=======
                            className="css-36lssg-PluginName ensvjrv1"
>>>>>>> build(travis): yarn --pnp [WIP]
                          >
                            Amazon SQS 
                            <DynamicWrapper
                              fixed={
                                <Version>
                                  v10
                                </Version>
                              }
                              value={
                                <Version>
                                  v8.23.0.dev0
                                </Version>
                              }
                            >
                              <span>
                                <Version>
                                  <span
<<<<<<< HEAD
                                    className="css-1det7j8-Version e1y7j6vq3"
=======
                                    className="css-1det7j8-Version ensvjrv3"
>>>>>>> build(travis): yarn --pnp [WIP]
                                  >
                                    v8.23.0.dev0
                                  </span>
                                </Version>
                              </span>
                            </DynamicWrapper>
                          </div>
                        </PluginName>
                        <div>
                          <ForwardRef
                            className="css-8vm1xp-grayText"
                            href="https://github.com/getsentry/sentry"
                            rel="noreferrer noopener"
                            target="_blank"
                          >
                            <a
                              className="css-8vm1xp-grayText"
                              href="https://github.com/getsentry/sentry"
                              rel="noreferrer noopener"
                              target="_blank"
                            >
                              Sentry Team
                            </a>
                          </ForwardRef>
                          <span>
                             
                            Â·
                             
                            <Link
                              className="css-8vm1xp-grayText"
                              onlyActiveOnIndex={false}
                              style={Object {}}
                              to="amazon-sqs"
                            >
                              <a
                                className="css-8vm1xp-grayText"
                                onClick={[Function]}
                                style={Object {}}
                              >
                                Configure plugin
                              </a>
                            </Link>
                          </span>
                        </div>
                      </div>
                    </Base>
                  </Flex>
                </div>
              </PluginInfo>
              <Switch
                isActive={false}
                isDisabled={false}
                size="lg"
                toggle={[Function]}
              >
                <SwitchContainer
                  aria-checked={false}
                  data-test-id="switch"
                  isActive={false}
                  isDisabled={false}
                  onClick={[Function]}
                  role="checkbox"
                  size="lg"
                >
                  <div
                    aria-checked={false}
                    className="css-eo6s8j-SwitchContainer e15l4ie20"
                    data-test-id="switch"
                    onClick={[Function]}
                    role="checkbox"
                    size="lg"
                  >
                    <Toggle
                      isActive={false}
                      isDisabled={false}
                      size="lg"
                    >
                      <span
                        className="css-1uoqc08-Toggle e15l4ie21"
                        size="lg"
                      />
                    </Toggle>
                  </div>
                </SwitchContainer>
              </Switch>
            </div>
          </Base>
        </Flex>
      </Access>
    </AccessContainer>
  </withConfig(AccessContainer)>
</ProjectPluginRow>
`;
