// Jest Snapshot v1, https://goo.gl/fbAQLP

exports[`DateSummary renders 1`] = `
<DateSummary
  end={2017-10-17T02:38:00.000Z}
  start={2017-10-14T02:38:00.000Z}
  utc={true}
>
  <DateGroupWrapper
    hasTime={true}
  >
    <div
      className="css-1eqyixq-DateGroupWrapper e1at727o0"
    >
      <DateGroup>
        <div
          className="css-8ah8mg-DateGroup e1at727o1"
        >
          <Date
            hasTime={true}
          >
            <div
              className="css-1gi0kmy-Date e1at727o2"
            >
              Oct 13, 2017
              <Time>
                <div
                  className="css-ul1hyh-Time e1at727o3"
                >
                  22:38
                </div>
              </Time>
            </div>
          </Date>
        </div>
      </DateGroup>
      <DateRangeDivider>
        <span
          className="css-1qowu2b-DateRangeDivider e1at727o4"
        >
          to
        </span>
      </DateRangeDivider>
      <DateGroup>
        <div
          className="css-8ah8mg-DateGroup e1at727o1"
        >
          <Date
            hasTime={true}
          >
            <div
              className="css-1gi0kmy-Date e1at727o2"
            >
              Oct 16, 2017
              <Time>
                <div
                  className="css-ul1hyh-Time e1at727o3"
                >
                  22:38
                </div>
              </Time>
            </div>
          </Date>
        </div>
      </DateGroup>
    </div>
  </DateGroupWrapper>
</DateSummary>
`;
